com\client\controller\NetworkStatusController.class
com\client\controller\RoomController$1.class
com\client\service\RoomApiService$1.class
com\client\service\UserApiService.class
com\client\service\UserApiService$4.class
com\client\enums\ConnectionState.class
com\client\service\VirtualNetworkService.class
com\client\controller\N2NStatusController$1.class
com\client\model\Room.class
com\client\controller\LobbyController.class
com\client\Launcher.class
com\client\service\NetworkStatusService.class
com\client\model\Message.class
com\client\util\AlertHelper.class
com\client\service\UserApiService$3.class
com\client\controller\LoginController.class
com\client\event\ReconnectSuccessEvent.class
com\client\event\ConnectionFailedEvent.class
com\client\view\FxmlView.class
com\client\service\WebSocketService$1.class
com\client\controller\CreateRoomController.class
com\client\util\ErrorHandlingExchangeFilterFunction.class
com\client\util\ResourceUtil.class
com\client\service\MessageApiService$1.class
com\client\controller\RoomController.class
com\client\util\StageManager.class
com\client\service\RoomApiService.class
com\client\event\UserInfoUpdateEvent.class
com\client\model\User.class
com\client\util\n2n\N2NClientManager.class
com\client\controller\N2NStatusController.class
com\client\service\UserApiService$2.class
com\client\service\MessageApiService$2.class
module-info.class
com\client\controller\BaseController.class
com\client\ClientApplication.class
com\client\config\WebSocketConfig.class
com\client\controller\RoomController$2.class
com\client\service\WebSocketService$2.class
com\client\util\SessionManager.class
com\client\service\UserApiService$5.class
com\client\service\WebSocketService$ClientSessionHandler.class
com\client\service\WebSocketService$SubscriptionEntry.class
com\client\config\WebClientConfig.class
com\client\exception\ApiException.class
com\client\service\MessageApiService.class
com\client\config\AppProperties.class
com\client\model\NetworkInfo.class
com\client\service\MessageApiService$3.class
com\client\service\WebSocketService.class
com\client\util\n2n\N2NClientManager$N2NStatusInfo.class
com\client\controller\ServerSettingsController.class
com\client\service\UserApiService$1.class
com\client\controller\LobbyController$1.class
com\client\event\LoginEvent.class
com\client\event\LogoutEvent.class
