D:\project\gamehall\client\src\main\java\com\client\model\NetworkInfo.java
D:\project\gamehall\client\src\main\java\com\client\service\VirtualNetworkService.java
D:\project\gamehall\client\src\main\java\com\client\model\User.java
D:\project\gamehall\client\src\main\java\com\client\exception\ApiException.java
D:\project\gamehall\client\src\main\java\com\client\event\ConnectionFailedEvent.java
D:\project\gamehall\client\src\main\java\module-info.java
D:\project\gamehall\client\src\main\java\com\client\controller\BaseController.java
D:\project\gamehall\client\src\main\java\com\client\model\Message.java
D:\project\gamehall\client\src\main\java\com\client\event\LoginEvent.java
D:\project\gamehall\client\src\main\java\com\client\util\StageManager.java
D:\project\gamehall\client\src\main\java\com\client\config\WebClientConfig.java
D:\project\gamehall\client\src\main\java\com\client\service\WebSocketService.java
D:\project\gamehall\client\src\main\java\com\client\event\LogoutEvent.java
D:\project\gamehall\client\src\main\java\com\client\util\n2n\N2NClientManager.java
D:\project\gamehall\client\src\main\java\com\client\enums\ConnectionState.java
D:\project\gamehall\client\src\main\java\com\client\service\RoomApiService.java
D:\project\gamehall\client\src\main\java\com\client\event\ReconnectSuccessEvent.java
D:\project\gamehall\client\src\main\java\com\client\Launcher.java
D:\project\gamehall\client\src\main\java\com\client\event\UserInfoUpdateEvent.java
D:\project\gamehall\client\src\main\java\com\client\ClientApplication.java
D:\project\gamehall\client\src\main\java\com\client\service\NetworkStatusService.java
D:\project\gamehall\client\src\main\java\com\client\controller\NetworkStatusController.java
D:\project\gamehall\client\src\main\java\com\client\view\FxmlView.java
D:\project\gamehall\client\src\main\java\com\client\controller\LobbyController.java
D:\project\gamehall\client\src\main\java\com\client\config\WebSocketConfig.java
D:\project\gamehall\client\src\main\java\com\client\controller\LoginController.java
D:\project\gamehall\client\src\main\java\com\client\config\AppProperties.java
D:\project\gamehall\client\src\main\java\com\client\service\UserApiService.java
D:\project\gamehall\client\src\main\java\com\client\util\ResourceUtil.java
D:\project\gamehall\client\src\main\java\com\client\util\AlertHelper.java
D:\project\gamehall\client\src\main\java\com\client\util\ErrorHandlingExchangeFilterFunction.java
D:\project\gamehall\client\src\main\java\com\client\util\SessionManager.java
D:\project\gamehall\client\src\main\java\com\client\controller\CreateRoomController.java
D:\project\gamehall\client\src\main\java\com\client\controller\RoomController.java
D:\project\gamehall\client\src\main\java\com\client\controller\ServerSettingsController.java
D:\project\gamehall\client\src\main\java\com\client\model\Room.java
D:\project\gamehall\client\src\main\java\com\client\service\MessageApiService.java
D:\project\gamehall\client\src\main\java\com\client\controller\N2NStatusController.java
